'test:e2e' ²»ÊÇÄÚ²¿»òÍâ²¿ÃüÁî£¬Ò²²»ÊÇ¿ÉÔËĞĞµÄ³ÌĞò
»òÅú´¦ÀíÎÄ¼ş¡£
undefined
â€‰ERR_PNPM_RECURSIVE_EXEC_FIRST_FAILâ€‰ Command "test:e2e" not found

Did you mean "pnpm test"?
